   ▲ Next.js 15.0.7

   Linting and checking validity of types ...
   Creating an optimized production build ...
 ✓ Compiled successfully
   Collecting page data ...
Error: Please add your Mongo URI to .env.local
    at 5977 (/app/.next/server/pages/index.js:1:9658)
    at o (/app/.next/server/webpack-runtime.js:1:127)
    at <unknown> (/app/.next/server/pages/index.js:1:11258)
    at o.a (/app/.next/server/webpack-runtime.js:1:866)
    at 879 (/app/.next/server/pages/index.js:1:11116)
    at o (/app/.next/server/webpack-runtime.js:1:127)
    at <unknown> (/app/.next/server/pages/index.js:1:471)
    at o.a (/app/.next/server/webpack-runtime.js:1:866)
    at 7207 (/app/.next/server/pages/index.js:1:82)
    at o (/app/.next/server/webpack-runtime.js:1:127)

> Build error occurred
Error: Failed to collect page data for /
    at <unknown> (/app/node_modules/next/dist/build/utils.js:1234:15) {
  type: 'Error'
}
